// Jest Snapshot v1, https://goo.gl/fbAQLP

exports[`debe coincidir con el snapshot 1`] = `
<DocumentFragment>
  <form
    class="task-form"
  >
    <input
      class="task-input"
      placeholder="Título"
      type="text"
      value=""
    />
    <textarea
      class="task-textarea"
      placeholder="Descripción"
    />
    <button
      class="task-button"
      type="submit"
    >
      Agregar tarea
    </button>
  </form>
</DocumentFragment>
`;
